Running integration tests...
